--------------------------------------------------------------------------------
Release 14.7 Trace  (nt64)
Copyright (c) 1995-2013 Xilinx, Inc.  All rights reserved.

C:\Xilinx\14.7\ISE_DS\ISE\bin\nt64\unwrapped\trce.exe -intstyle ise -v 3 -s 2
-n 3 -fastpaths -xml avr_interface.twx avr_interface.ncd -o avr_interface.twr
avr_interface.pcf

Design file:              avr_interface.ncd
Physical constraint file: avr_interface.pcf
Device,package,speed:     xc6slx9,tqg144,C,-2 (PRODUCTION 1.23 2013-10-13)
Report level:             verbose report

Environment Variable      Effect 
--------------------      ------ 
NONE                      No environment variables were set
--------------------------------------------------------------------------------

INFO:Timing:2698 - No timing constraints found, doing default enumeration.
INFO:Timing:3412 - To improve timing, see the Timing Closure User Guide (UG612).
INFO:Timing:2752 - To get complete path coverage, use the unconstrained paths 
   option. All paths that are not constrained will be reported in the 
   unconstrained paths section(s) of the report.
INFO:Timing:3339 - The clock-to-out numbers in this timing report are based on 
   a 50 Ohm transmission line loading model.  For the details of this model, 
   and for more information on accounting for different loading conditions, 
   please see the device datasheet.



Data Sheet report:
-----------------
All values displayed in nanoseconds (ns)

Setup/Hold to clock clk
------------+------------+------------+------------+------------+------------------+--------+
            |Max Setup to|  Process   |Max Hold to |  Process   |                  | Clock  |
Source      | clk (edge) |   Corner   | clk (edge) |   Corner   |Internal Clock(s) | Phase  |
------------+------------+------------+------------+------------+------------------+--------+
cclk        |    5.140(R)|      SLOW  |   -1.988(R)|      FAST  |clk_BUFGP         |   0.000|
new_tx_data |    4.879(R)|      SLOW  |   -1.701(R)|      FAST  |clk_BUFGP         |   0.000|
rst         |    4.362(R)|      SLOW  |   -1.408(R)|      FAST  |clk_BUFGP         |   0.000|
rx          |    3.600(R)|      SLOW  |   -1.577(R)|      FAST  |clk_BUFGP         |   0.000|
spi_mosi    |    3.189(R)|      SLOW  |   -1.325(R)|      FAST  |clk_BUFGP         |   0.000|
spi_sck     |    2.768(R)|      SLOW  |   -1.011(R)|      FAST  |clk_BUFGP         |   0.000|
spi_ss      |    3.853(R)|      SLOW  |   -1.697(R)|      FAST  |clk_BUFGP         |   0.000|
tx_block    |    2.932(R)|      SLOW  |   -1.218(R)|      FAST  |clk_BUFGP         |   0.000|
tx_data<0>  |    1.819(R)|      SLOW  |   -0.529(R)|      SLOW  |clk_BUFGP         |   0.000|
tx_data<1>  |    2.169(R)|      SLOW  |   -0.730(R)|      FAST  |clk_BUFGP         |   0.000|
tx_data<2>  |    1.973(R)|      SLOW  |   -0.672(R)|      SLOW  |clk_BUFGP         |   0.000|
tx_data<3>  |    1.796(R)|      SLOW  |   -0.495(R)|      FAST  |clk_BUFGP         |   0.000|
tx_data<4>  |    2.070(R)|      SLOW  |   -0.738(R)|      FAST  |clk_BUFGP         |   0.000|
tx_data<5>  |    2.139(R)|      SLOW  |   -0.720(R)|      FAST  |clk_BUFGP         |   0.000|
tx_data<6>  |    1.838(R)|      SLOW  |   -0.542(R)|      SLOW  |clk_BUFGP         |   0.000|
tx_data<7>  |    1.968(R)|      SLOW  |   -0.570(R)|      FAST  |clk_BUFGP         |   0.000|
------------+------------+------------+------------+------------+------------------+--------+

Clock clk to Pad
-----------------+-----------------+------------+-----------------+------------+------------------+--------+
                 |Max (slowest) clk|  Process   |Min (fastest) clk|  Process   |                  | Clock  |
Destination      |  (edge) to PAD  |   Corner   |  (edge) to PAD  |   Corner   |Internal Clock(s) | Phase  |
-----------------+-----------------+------------+-----------------+------------+------------------+--------+
new_rx_data      |        11.697(R)|      SLOW  |         5.319(R)|      FAST  |clk_BUFGP         |   0.000|
new_sample       |        11.515(R)|      SLOW  |         5.178(R)|      FAST  |clk_BUFGP         |   0.000|
rx_data<0>       |        10.568(R)|      SLOW  |         4.554(R)|      FAST  |clk_BUFGP         |   0.000|
rx_data<1>       |        10.559(R)|      SLOW  |         4.552(R)|      FAST  |clk_BUFGP         |   0.000|
rx_data<2>       |        10.783(R)|      SLOW  |         4.690(R)|      FAST  |clk_BUFGP         |   0.000|
rx_data<3>       |        10.752(R)|      SLOW  |         4.674(R)|      FAST  |clk_BUFGP         |   0.000|
rx_data<4>       |        10.526(R)|      SLOW  |         4.527(R)|      FAST  |clk_BUFGP         |   0.000|
rx_data<5>       |        10.510(R)|      SLOW  |         4.518(R)|      FAST  |clk_BUFGP         |   0.000|
rx_data<6>       |        10.734(R)|      SLOW  |         4.656(R)|      FAST  |clk_BUFGP         |   0.000|
rx_data<7>       |        11.555(R)|      SLOW  |         5.105(R)|      FAST  |clk_BUFGP         |   0.000|
sample<0>        |        10.795(R)|      SLOW  |         4.745(R)|      FAST  |clk_BUFGP         |   0.000|
sample<1>        |        11.088(R)|      SLOW  |         4.979(R)|      FAST  |clk_BUFGP         |   0.000|
sample<2>        |        10.763(R)|      SLOW  |         4.731(R)|      FAST  |clk_BUFGP         |   0.000|
sample<3>        |        11.023(R)|      SLOW  |         4.937(R)|      FAST  |clk_BUFGP         |   0.000|
sample<4>        |         9.800(R)|      SLOW  |         4.205(R)|      FAST  |clk_BUFGP         |   0.000|
sample<5>        |         9.751(R)|      SLOW  |         4.182(R)|      FAST  |clk_BUFGP         |   0.000|
sample<6>        |         9.666(R)|      SLOW  |         4.120(R)|      FAST  |clk_BUFGP         |   0.000|
sample<7>        |         9.721(R)|      SLOW  |         4.164(R)|      FAST  |clk_BUFGP         |   0.000|
sample<8>        |         9.556(R)|      SLOW  |         4.054(R)|      FAST  |clk_BUFGP         |   0.000|
sample<9>        |         9.692(R)|      SLOW  |         4.201(R)|      FAST  |clk_BUFGP         |   0.000|
sample_channel<0>|        10.917(R)|      SLOW  |         4.844(R)|      FAST  |clk_BUFGP         |   0.000|
sample_channel<1>|        10.873(R)|      SLOW  |         4.822(R)|      FAST  |clk_BUFGP         |   0.000|
sample_channel<2>|        11.748(R)|      SLOW  |         5.385(R)|      FAST  |clk_BUFGP         |   0.000|
sample_channel<3>|        11.452(R)|      SLOW  |         5.202(R)|      FAST  |clk_BUFGP         |   0.000|
spi_channel<0>   |        12.617(R)|      SLOW  |         5.934(R)|      FAST  |clk_BUFGP         |   0.000|
spi_channel<1>   |        12.403(R)|      SLOW  |         5.736(R)|      FAST  |clk_BUFGP         |   0.000|
spi_channel<2>   |        11.923(R)|      SLOW  |         5.461(R)|      FAST  |clk_BUFGP         |   0.000|
spi_channel<3>   |        11.923(R)|      SLOW  |         5.461(R)|      FAST  |clk_BUFGP         |   0.000|
spi_miso         |        12.087(R)|      SLOW  |         4.977(R)|      FAST  |clk_BUFGP         |   0.000|
tx               |        12.553(R)|      SLOW  |         5.189(R)|      FAST  |clk_BUFGP         |   0.000|
tx_busy          |        10.823(R)|      SLOW  |         4.717(R)|      FAST  |clk_BUFGP         |   0.000|
-----------------+-----------------+------------+-----------------+------------+------------------+--------+

Clock to Setup on destination clock clk
---------------+---------+---------+---------+---------+
               | Src:Rise| Src:Fall| Src:Rise| Src:Fall|
Source Clock   |Dest:Rise|Dest:Rise|Dest:Fall|Dest:Fall|
---------------+---------+---------+---------+---------+
clk            |    4.579|         |         |         |
---------------+---------+---------+---------+---------+

Pad to Pad
---------------+---------------+---------+
Source Pad     |Destination Pad|  Delay  |
---------------+---------------+---------+
channel<0>     |spi_channel<0> |    7.444|
channel<1>     |spi_channel<1> |   11.618|
channel<2>     |spi_channel<2> |   10.556|
channel<3>     |spi_channel<3> |   10.880|
spi_ss         |spi_miso       |   13.568|
---------------+---------------+---------+


Analysis completed Thu Feb 06 23:44:43 2014 
--------------------------------------------------------------------------------

Trace Settings:
-------------------------
Trace Settings 

Peak Memory Usage: 212 MB



