Release 14.7 - xst P.20131013 (nt64)
Copyright (c) 1995-2013 Xilinx, Inc.  All rights reserved.
--> Parameter TMPDIR set to xst/projnav.tmp


Total REAL time to Xst completion: 0.00 secs
Total CPU time to Xst completion: 0.19 secs
 
--> Parameter xsthdpdir set to xst


Total REAL time to Xst completion: 0.00 secs
Total CPU time to Xst completion: 0.19 secs
 
--> Reading design: mojo_top.prj

TABLE OF CONTENTS
  1) Synthesis Options Summary
  2) HDL Parsing
  3) HDL Elaboration
  4) HDL Synthesis
       4.1) HDL Synthesis Report
  5) Advanced HDL Synthesis
       5.1) Advanced HDL Synthesis Report
  6) Low Level Synthesis
  7) Partition Report
  8) Design Summary
       8.1) Primitive and Black Box Usage
       8.2) Device utilization summary
       8.3) Partition Resource Summary
       8.4) Timing Report
            8.4.1) Clock Information
            8.4.2) Asynchronous Control Signals Information
            8.4.3) Timing Summary
            8.4.4) Timing Details
            8.4.5) Cross Clock Domains Report


=========================================================================
*                      Synthesis Options Summary                        *
=========================================================================
---- Source Parameters
Input File Name                    : "mojo_top.prj"
Ignore Synthesis Constraint File   : NO

---- Target Parameters
Output File Name                   : "mojo_top"
Output Format                      : NGC
Target Device                      : xc6slx9-2-tqg144

---- Source Options
Top Module Name                    : mojo_top
Automatic FSM Extraction           : YES
FSM Encoding Algorithm             : Auto
Safe Implementation                : No
FSM Style                          : LUT
RAM Extraction                     : Yes
RAM Style                          : Auto
ROM Extraction                     : Yes
Shift Register Extraction          : YES
ROM Style                          : Auto
Resource Sharing                   : YES
Asynchronous To Synchronous        : NO
Shift Register Minimum Size        : 2
Use DSP Block                      : Auto
Automatic Register Balancing       : No

---- Target Options
LUT Combining                      : Auto
Reduce Control Sets                : Auto
Add IO Buffers                     : YES
Global Maximum Fanout              : 100000
Add Generic Clock Buffer(BUFG)     : 16
Register Duplication               : YES
Optimize Instantiated Primitives   : NO
Use Clock Enable                   : Auto
Use Synchronous Set                : Auto
Use Synchronous Reset              : Auto
Pack IO Registers into IOBs        : Auto
Equivalent register Removal        : YES

---- General Options
Optimization Goal                  : Speed
Optimization Effort                : 1
Power Reduction                    : NO
Keep Hierarchy                     : No
Netlist Hierarchy                  : As_Optimized
RTL Output                         : Yes
Global Optimization                : AllClockNets
Read Cores                         : YES
Write Timing Constraints           : NO
Cross Clock Analysis               : NO
Hierarchy Separator                : /
Bus Delimiter                      : <>
Case Specifier                     : Maintain
Slice Utilization Ratio            : 100
BRAM Utilization Ratio             : 100
DSP48 Utilization Ratio            : 100
Auto BRAM Packing                  : NO
Slice Utilization Ratio Delta      : 5

=========================================================================


=========================================================================
*                          HDL Parsing                                  *
=========================================================================
Analyzing Verilog file "D:\MyDocs\Documents\GitHub\SeniorDesign\src\spi_slave.v" into library work
Parsing module <spi_slave>.
Analyzing Verilog file "D:\MyDocs\Documents\GitHub\SeniorDesign\src\serial_tx.v" into library work
Parsing module <serial_tx>.
Analyzing Verilog file "D:\MyDocs\Documents\GitHub\SeniorDesign\src\serial_rx.v" into library work
Parsing module <serial_rx>.
Analyzing Verilog file "D:\MyDocs\Documents\GitHub\SeniorDesign\src\cclk_detector.v" into library work
Parsing module <cclk_detector>.
Analyzing Verilog file "D:\MyDocs\Documents\GitHub\SeniorDesign\src\avr_interface.v" into library work
Parsing module <avr_interface>.
Analyzing Verilog file "D:\MyDocs\Documents\GitHub\SeniorDesign\Gyro_Controller.v" into library work
Parsing module <Gyro_Controller>.
Analyzing Verilog file "D:\MyDocs\Documents\GitHub\SeniorDesign\GPS_Controller.v" into library work
Parsing module <GPS_Controller>.
Analyzing Verilog file "D:\MyDocs\Documents\GitHub\SeniorDesign\Data_Controller.v" into library work
Parsing module <Data_Controller>.
Analyzing Verilog file "D:\MyDocs\Documents\GitHub\SeniorDesign\Camera_Initializer.v" into library work
Parsing module <Camera_Initializer>.
Analyzing Verilog file "D:\MyDocs\Documents\GitHub\SeniorDesign\Camera_Digitizer.v" into library work
Parsing module <Camera_Digitizer>.
Analyzing Verilog file "D:\MyDocs\Documents\GitHub\SeniorDesign\Analog_Controller.v" into library work
Parsing module <Analog_Controller>.
Analyzing Verilog file "D:\MyDocs\Documents\GitHub\SeniorDesign\Altimeter_Controller.v" into library work
Parsing module <Altimeter_Controller>.
Analyzing Verilog file "D:\MyDocs\Documents\GitHub\SeniorDesign\Accelerometer_Controller.v" into library work
Parsing module <Accelerometer_Controller>.
Analyzing Verilog file "D:\MyDocs\Documents\GitHub\SeniorDesign\src\mojo_top.v" into library work
Parsing module <mojo_top>.
ERROR:HDLCompiler:31 - "D:\MyDocs\Documents\GitHub\SeniorDesign\src\mojo_top.v" Line 138: <Spi_Master> is already declared.
ERROR:HDLCompiler:31 - "D:\MyDocs\Documents\GitHub\SeniorDesign\src\mojo_top.v" Line 165: <Spi_Master> is already declared.
ERROR:HDLCompiler:31 - "D:\MyDocs\Documents\GitHub\SeniorDesign\src\mojo_top.v" Line 246: <serial_rx> is already declared.
ERROR:HDLCompiler:31 - "D:\MyDocs\Documents\GitHub\SeniorDesign\src\mojo_top.v" Line 254: <serial_tx> is already declared.
ERROR:HDLCompiler:69 - "D:\MyDocs\Documents\GitHub\SeniorDesign\src\mojo_top.v" Line 65: <pressure> is not declared.
ERROR:HDLCompiler:69 - "D:\MyDocs\Documents\GitHub\SeniorDesign\src\mojo_top.v" Line 66: <temp> is not declared.
ERROR:HDLCompiler:69 - "D:\MyDocs\Documents\GitHub\SeniorDesign\src\mojo_top.v" Line 67: <delta_pressure> is not declared.
ERROR:HDLCompiler:69 - "D:\MyDocs\Documents\GitHub\SeniorDesign\src\mojo_top.v" Line 68: <delta_temp> is not declared.
ERROR:HDLCompiler:69 - "D:\MyDocs\Documents\GitHub\SeniorDesign\src\mojo_top.v" Line 69: <min_pressure> is not declared.
ERROR:HDLCompiler:69 - "D:\MyDocs\Documents\GitHub\SeniorDesign\src\mojo_top.v" Line 70: <max_pressure> is not declared.
ERROR:HDLCompiler:69 - "D:\MyDocs\Documents\GitHub\SeniorDesign\src\mojo_top.v" Line 71: <min_temp> is not declared.
ERROR:HDLCompiler:69 - "D:\MyDocs\Documents\GitHub\SeniorDesign\src\mojo_top.v" Line 72: <max_temp> is not declared.
ERROR:HDLCompiler:69 - "D:\MyDocs\Documents\GitHub\SeniorDesign\src\mojo_top.v" Line 73: <ena> is not declared.
ERROR:HDLCompiler:69 - "D:\MyDocs\Documents\GitHub\SeniorDesign\src\mojo_top.v" Line 74: <addr> is not declared.
ERROR:HDLCompiler:69 - "D:\MyDocs\Documents\GitHub\SeniorDesign\src\mojo_top.v" Line 75: <sub_addr> is not declared.
ERROR:HDLCompiler:69 - "D:\MyDocs\Documents\GitHub\SeniorDesign\src\mojo_top.v" Line 76: <data_wr> is not declared.
ERROR:HDLCompiler:69 - "D:\MyDocs\Documents\GitHub\SeniorDesign\src\mojo_top.v" Line 77: <data_rd> is not declared.
ERROR:HDLCompiler:69 - "D:\MyDocs\Documents\GitHub\SeniorDesign\src\mojo_top.v" Line 78: <busy> is not declared.
ERROR:HDLCompiler:69 - "D:\MyDocs\Documents\GitHub\SeniorDesign\src\mojo_top.v" Line 79: <ack_err> is not declared.
Sorry, too many errors..
--> 

Total memory usage is 205996 kilobytes

Number of errors   :   19 (   0 filtered)
Number of warnings :    0 (   0 filtered)
Number of infos    :    0 (   0 filtered)

